MPLINK 4.49, Linker
Linker Map File - Created Sun Nov 15 21:22:23 2020

                                 Section Info
                  Section       Type    Address   Location Size(Bytes)
                ---------  ---------  ---------  ---------  ---------
                   .org_0       code   0x000000    program   0x000000
                   .org_1       code   0x000000    program   0x000004
                   .org_2       code   0x000008    program   0x000002
                   .org_3       code   0x000018    program   0x00002c



                              Program Memory Usage 
                               Start         End      
                           ---------   ---------      
                            0x000000    0x000003      
                            0x000008    0x000009      
                            0x000018    0x000043      
            50 out of 33048 program addresses used, program memory utilization is 0%



                              Symbols - Sorted by Name
                     Name    Address   Location    Storage File                     
                ---------  ---------  ---------  --------- ---------                
                   checki   0x000034    program     static C:\Users\user\Documents\github folder\polling.asm
                   checko   0x00003a    program     static C:\Users\user\Documents\github folder\polling.asm
              nabilicious   0x000022    program     static C:\Users\user\Documents\github folder\polling.asm
             nabilicious1   0x000028    program     static C:\Users\user\Documents\github folder\polling.asm
                   onled1   0x00001a    program     static C:\Users\user\Documents\github folder\polling.asm
                   onled2   0x00001e    program     static C:\Users\user\Documents\github folder\polling.asm
                    start   0x00002e    program     static C:\Users\user\Documents\github folder\polling.asm



                              Symbols - Sorted by Address
                     Name    Address   Location    Storage File                     
                ---------  ---------  ---------  --------- ---------                
                   onled1   0x00001a    program     static C:\Users\user\Documents\github folder\polling.asm
                   onled2   0x00001e    program     static C:\Users\user\Documents\github folder\polling.asm
              nabilicious   0x000022    program     static C:\Users\user\Documents\github folder\polling.asm
             nabilicious1   0x000028    program     static C:\Users\user\Documents\github folder\polling.asm
                    start   0x00002e    program     static C:\Users\user\Documents\github folder\polling.asm
                   checki   0x000034    program     static C:\Users\user\Documents\github folder\polling.asm
                   checko   0x00003a    program     static C:\Users\user\Documents\github folder\polling.asm


